18:32:56 | INFO | Logo is displayed on the home page.
18:32:56 | INFO | test
